Java HotSpot(TM) 64-Bit Server VM (25.261-b12) for windows-amd64 JRE (1.8.0_261-b12), built on Jun 18 2020 06:56:32 by "" with unknown MS VC++:1916
Memory: 4k page, physical 8239740k(1642640k free), swap 17124416k(3897728k free)
CommandLine flags: -XX:InitialHeapSize=536870912 -XX:MaxHeapSize=536870912 -XX:+PrintGC -XX:+PrintGCDateStamps -XX:+PrintGCDetails -XX:+PrintGCTimeStamps -XX:+UseCompressedClassPointers -XX:+UseCompressedOops -XX:-UseLargePagesIndividualAllocation -XX:+UseSerialGC 
2020-10-28T22:05:47.555+0800: 0.319: [GC (Allocation Failure) 2020-10-28T22:05:47.555+0800: 0.319: [DefNew: 139336K->17471K(157248K), 0.0340722 secs] 139336K->49298K(506816K), 0.0342504 secs] [Times: user=0.03 sys=0.02, real=0.03 secs] 
2020-10-28T22:05:47.621+0800: 0.385: [GC (Allocation Failure) 2020-10-28T22:05:47.621+0800: 0.385: [DefNew: 157003K->17471K(157248K), 0.0400788 secs] 188829K->89299K(506816K), 0.0401524 secs] [Times: user=0.02 sys=0.02, real=0.04 secs] 
2020-10-28T22:05:47.688+0800: 0.452: [GC (Allocation Failure) 2020-10-28T22:05:47.688+0800: 0.452: [DefNew: 157247K->17471K(157248K), 0.0284230 secs] 229075K->133733K(506816K), 0.0284979 secs] [Times: user=0.02 sys=0.02, real=0.03 secs] 
2020-10-28T22:05:47.744+0800: 0.508: [GC (Allocation Failure) 2020-10-28T22:05:47.744+0800: 0.508: [DefNew: 157247K->17470K(157248K), 0.0272058 secs] 273509K->173972K(506816K), 0.0272738 secs] [Times: user=0.00 sys=0.02, real=0.03 secs] 
2020-10-28T22:05:47.797+0800: 0.561: [GC (Allocation Failure) 2020-10-28T22:05:47.797+0800: 0.561: [DefNew: 157246K->17469K(157248K), 0.0299207 secs] 313748K->215437K(506816K), 0.0299989 secs] [Times: user=0.00 sys=0.03, real=0.03 secs] 
2020-10-28T22:05:47.853+0800: 0.616: [GC (Allocation Failure) 2020-10-28T22:05:47.853+0800: 0.616: [DefNew: 157245K->17472K(157248K), 0.0275914 secs] 355213K->255535K(506816K), 0.0276720 secs] [Times: user=0.00 sys=0.01, real=0.03 secs] 
2020-10-28T22:05:47.905+0800: 0.669: [GC (Allocation Failure) 2020-10-28T22:05:47.905+0800: 0.669: [DefNew: 157219K->17471K(157248K), 0.0393890 secs] 395283K->306718K(506816K), 0.0394569 secs] [Times: user=0.00 sys=0.03, real=0.04 secs] 
2020-10-28T22:05:47.972+0800: 0.735: [GC (Allocation Failure) 2020-10-28T22:05:47.972+0800: 0.735: [DefNew: 157247K->17471K(157248K), 0.0323339 secs] 446494K->349359K(506816K), 0.0324062 secs] [Times: user=0.00 sys=0.03, real=0.03 secs] 
2020-10-28T22:05:48.026+0800: 0.790: [GC (Allocation Failure) 2020-10-28T22:05:48.026+0800: 0.790: [DefNew: 157247K->157247K(157248K), 0.0000193 secs]2020-10-28T22:05:48.026+0800: 0.791: [Tenured: 331887K->276499K(349568K), 0.0418447 secs] 489135K->276499K(506816K), [Metaspace: 2637K->2637K(1056768K)], 0.0419789 secs] [Times: user=0.03 sys=0.00, real=0.04 secs] 
2020-10-28T22:05:48.099+0800: 0.863: [GC (Allocation Failure) 2020-10-28T22:05:48.099+0800: 0.863: [DefNew: 139776K->17472K(157248K), 0.0086039 secs] 416275K->329502K(506816K), 0.0087008 secs] [Times: user=0.02 sys=0.00, real=0.01 secs] 
2020-10-28T22:05:48.144+0800: 0.908: [GC (Allocation Failure) 2020-10-28T22:05:48.144+0800: 0.908: [DefNew: 157248K->157248K(157248K), 0.0000237 secs]2020-10-28T22:05:48.144+0800: 0.908: [Tenured: 312030K->303522K(349568K), 0.0475310 secs] 469278K->303522K(506816K), [Metaspace: 2637K->2637K(1056768K)], 0.0476650 secs] [Times: user=0.05 sys=0.00, real=0.05 secs] 
2020-10-28T22:05:48.221+0800: 0.985: [GC (Allocation Failure) 2020-10-28T22:05:48.221+0800: 0.985: [DefNew: 139776K->17471K(157248K), 0.0100769 secs] 443298K->352682K(506816K), 0.0101604 secs] [Times: user=0.02 sys=0.00, real=0.01 secs] 
2020-10-28T22:05:48.284+0800: 1.047: [GC (Allocation Failure) 2020-10-28T22:05:48.284+0800: 1.048: [DefNew: 157247K->157247K(157248K), 0.0000261 secs]2020-10-28T22:05:48.284+0800: 1.048: [Tenured: 335210K->324416K(349568K), 0.0523120 secs] 492458K->324416K(506816K), [Metaspace: 2637K->2637K(1056768K)], 0.0524547 secs] [Times: user=0.05 sys=0.00, real=0.05 secs] 
2020-10-28T22:05:48.368+0800: 1.131: [GC (Allocation Failure) 2020-10-28T22:05:48.368+0800: 1.131: [DefNew: 139776K->139776K(157248K), 0.0000176 secs]2020-10-28T22:05:48.368+0800: 1.131: [Tenured: 324416K->310824K(349568K), 0.0505925 secs] 464192K->310824K(506816K), [Metaspace: 2637K->2637K(1056768K)], 0.0507671 secs] [Times: user=0.06 sys=0.00, real=0.05 secs] 
Heap
 def new generation   total 157248K, used 5847K [0x00000000e0000000, 0x00000000eaaa0000, 0x00000000eaaa0000)
  eden space 139776K,   4% used [0x00000000e0000000, 0x00000000e05b5f58, 0x00000000e8880000)
  from space 17472K,   0% used [0x00000000e8880000, 0x00000000e8880000, 0x00000000e9990000)
  to   space 17472K,   0% used [0x00000000e9990000, 0x00000000e9990000, 0x00000000eaaa0000)
 tenured generation   total 349568K, used 310824K [0x00000000eaaa0000, 0x0000000100000000, 0x0000000100000000)
   the space 349568K,  88% used [0x00000000eaaa0000, 0x00000000fda2a0a0, 0x00000000fda2a200, 0x0000000100000000)
 Metaspace       used 2643K, capacity 4486K, committed 4864K, reserved 1056768K
  class space    used 291K, capacity 386K, committed 512K, reserved 1048576K
