Java HotSpot(TM) 64-Bit Server VM (25.261-b12) for windows-amd64 JRE (1.8.0_261-b12), built on Jun 18 2020 06:56:32 by "" with unknown MS VC++:1916
Memory: 4k page, physical 8239740k(2053044k free), swap 17124416k(3686676k free)
CommandLine flags: -XX:InitialHeapSize=536870912 -XX:MaxHeapSize=536870912 -XX:+PrintGC -XX:+PrintGCDateStamps -XX:+PrintGCTimeStamps -XX:+UseCompressedClassPointers -XX:+UseCompressedOops -XX:+UseG1GC -XX:-UseLargePagesIndividualAllocation 
2020-10-28T22:57:02.157+0800: 0.218: [GC pause (G1 Evacuation Pause) (young) 29M->9712K(512M), 0.0029601 secs]
2020-10-28T22:57:02.170+0800: 0.231: [GC pause (G1 Evacuation Pause) (young) 34M->17M(512M), 0.0025153 secs]
2020-10-28T22:57:02.197+0800: 0.258: [GC pause (G1 Evacuation Pause) (young) 53M->27M(512M), 0.0033572 secs]
2020-10-28T22:57:02.223+0800: 0.285: [GC pause (G1 Evacuation Pause) (young) 81M->48M(512M), 0.0044797 secs]
2020-10-28T22:57:02.300+0800: 0.361: [GC pause (G1 Evacuation Pause) (young) 170M->87M(512M), 0.0088133 secs]
2020-10-28T22:57:02.328+0800: 0.390: [GC pause (G1 Evacuation Pause) (young) 162M->110M(512M), 0.0061894 secs]
2020-10-28T22:57:02.369+0800: 0.431: [GC pause (G1 Evacuation Pause) (young) 237M->148M(512M), 0.0106834 secs]
2020-10-28T22:57:02.434+0800: 0.495: [GC pause (G1 Evacuation Pause) (young) 311M->195M(512M), 0.0138263 secs]
2020-10-28T22:57:02.466+0800: 0.527: [GC pause (G1 Humongous Allocation) (young) (initial-mark) 271M->215M(512M), 0.0046110 secs]
2020-10-28T22:57:02.470+0800: 0.532: [GC concurrent-root-region-scan-start]
2020-10-28T22:57:02.470+0800: 0.532: [GC concurrent-root-region-scan-end, 0.0001621 secs]
2020-10-28T22:57:02.470+0800: 0.532: [GC concurrent-mark-start]
2020-10-28T22:57:02.475+0800: 0.537: [GC concurrent-mark-end, 0.0048668 secs]
2020-10-28T22:57:02.476+0800: 0.537: [GC remark, 0.0015076 secs]
2020-10-28T22:57:02.478+0800: 0.539: [GC cleanup 223M->222M(512M), 0.0004585 secs]
2020-10-28T22:57:02.478+0800: 0.540: [GC concurrent-cleanup-start]
2020-10-28T22:57:02.478+0800: 0.540: [GC concurrent-cleanup-end, 0.0000122 secs]
2020-10-28T22:57:02.561+0800: 0.623: [GC pause (G1 Evacuation Pause) (young)-- 423M->344M(512M), 0.0086916 secs]
2020-10-28T22:57:02.574+0800: 0.636: [GC pause (G1 Evacuation Pause) (mixed) 348M->334M(512M), 0.0042602 secs]
2020-10-28T22:57:02.579+0800: 0.641: [GC pause (G1 Humongous Allocation) (young) (initial-mark) 336M->334M(512M), 0.0007704 secs]
2020-10-28T22:57:02.580+0800: 0.642: [GC concurrent-root-region-scan-start]
2020-10-28T22:57:02.580+0800: 0.642: [GC concurrent-root-region-scan-end, 0.0001081 secs]
2020-10-28T22:57:02.580+0800: 0.642: [GC concurrent-mark-start]
2020-10-28T22:57:02.586+0800: 0.647: [GC concurrent-mark-end, 0.0050868 secs]
2020-10-28T22:57:02.586+0800: 0.647: [GC remark, 0.0016177 secs]
2020-10-28T22:57:02.587+0800: 0.649: [GC cleanup 367M->367M(512M), 0.0005585 secs]
2020-10-28T22:57:02.601+0800: 0.663: [GC pause (G1 Evacuation Pause) (young) 425M->363M(512M), 0.0041660 secs]
2020-10-28T22:57:02.612+0800: 0.673: [GC pause (G1 Evacuation Pause) (mixed) 383M->322M(512M), 0.0033533 secs]
2020-10-28T22:57:02.621+0800: 0.683: [GC pause (G1 Evacuation Pause) (mixed) 349M->294M(512M), 0.0042519 secs]
2020-10-28T22:57:02.632+0800: 0.694: [GC pause (G1 Evacuation Pause) (mixed) 321M->276M(512M), 0.0047346 secs]
2020-10-28T22:57:02.638+0800: 0.700: [GC pause (G1 Humongous Allocation) (young) (initial-mark) 278M->277M(512M), 0.0013768 secs]
2020-10-28T22:57:02.639+0800: 0.701: [GC concurrent-root-region-scan-start]
2020-10-28T22:57:02.639+0800: 0.701: [GC concurrent-root-region-scan-end, 0.0001300 secs]
2020-10-28T22:57:02.639+0800: 0.701: [GC concurrent-mark-start]
2020-10-28T22:57:02.645+0800: 0.707: [GC concurrent-mark-end, 0.0057188 secs]
2020-10-28T22:57:02.646+0800: 0.707: [GC remark, 0.0017950 secs]
2020-10-28T22:57:02.648+0800: 0.709: [GC cleanup 292M->292M(512M), 0.0005010 secs]
2020-10-28T22:57:02.679+0800: 0.740: [GC pause (G1 Evacuation Pause) (young) 411M->311M(512M), 0.0048558 secs]
2020-10-28T22:57:02.687+0800: 0.749: [GC pause (G1 Evacuation Pause) (mixed) 323M->294M(512M), 0.0057268 secs]
2020-10-28T22:57:02.693+0800: 0.755: [GC pause (G1 Humongous Allocation) (young) (initial-mark) 295M->294M(512M), 0.0013935 secs]
2020-10-28T22:57:02.695+0800: 0.756: [GC concurrent-root-region-scan-start]
2020-10-28T22:57:02.695+0800: 0.757: [GC concurrent-root-region-scan-end, 0.0001321 secs]
2020-10-28T22:57:02.695+0800: 0.757: [GC concurrent-mark-start]
2020-10-28T22:57:02.701+0800: 0.762: [GC concurrent-mark-end, 0.0058732 secs]
2020-10-28T22:57:02.701+0800: 0.763: [GC remark, 0.0021619 secs]
2020-10-28T22:57:02.703+0800: 0.765: [GC cleanup 304M->304M(512M), 0.0004991 secs]
2020-10-28T22:57:02.727+0800: 0.788: [GC pause (G1 Evacuation Pause) (young) 410M->324M(512M), 0.0052300 secs]
2020-10-28T22:57:02.735+0800: 0.797: [GC pause (G1 Evacuation Pause) (mixed) 336M->308M(512M), 0.0052099 secs]
2020-10-28T22:57:02.743+0800: 0.805: [GC pause (G1 Humongous Allocation) (young) (initial-mark) 319M->313M(512M), 0.0015553 secs]
2020-10-28T22:57:02.745+0800: 0.806: [GC concurrent-root-region-scan-start]
2020-10-28T22:57:02.745+0800: 0.807: [GC concurrent-root-region-scan-end, 0.0001501 secs]
2020-10-28T22:57:02.745+0800: 0.807: [GC concurrent-mark-start]
2020-10-28T22:57:02.751+0800: 0.813: [GC concurrent-mark-end, 0.0061405 secs]
2020-10-28T22:57:02.752+0800: 0.813: [GC remark, 0.0020257 secs]
2020-10-28T22:57:02.754+0800: 0.815: [GC cleanup 321M->321M(512M), 0.0004561 secs]
2020-10-28T22:57:02.773+0800: 0.835: [GC pause (G1 Evacuation Pause) (young)-- 421M->358M(512M), 0.0054159 secs]
2020-10-28T22:57:02.785+0800: 0.847: [GC pause (G1 Evacuation Pause) (mixed) 376M->337M(512M), 0.0065505 secs]
2020-10-28T22:57:02.798+0800: 0.859: [GC pause (G1 Evacuation Pause) (mixed) 360M->340M(512M), 0.0026331 secs]
2020-10-28T22:57:02.801+0800: 0.862: [GC pause (G1 Humongous Allocation) (young) (initial-mark) 342M->340M(512M), 0.0012004 secs]
2020-10-28T22:57:02.802+0800: 0.863: [GC concurrent-root-region-scan-start]
2020-10-28T22:57:02.802+0800: 0.863: [GC concurrent-root-region-scan-end, 0.0001095 secs]
2020-10-28T22:57:02.802+0800: 0.863: [GC concurrent-mark-start]
2020-10-28T22:57:02.808+0800: 0.869: [GC concurrent-mark-end, 0.0059029 secs]
2020-10-28T22:57:02.810+0800: 0.871: [GC remark, 0.0020287 secs]
2020-10-28T22:57:02.812+0800: 0.874: [GC cleanup 364M->364M(512M), 0.0004985 secs]
2020-10-28T22:57:02.821+0800: 0.882: [GC pause (G1 Evacuation Pause) (young) 415M->360M(512M), 0.0044826 secs]
2020-10-28T22:57:02.830+0800: 0.893: [GC pause (G1 Evacuation Pause) (mixed) 380M->334M(512M), 0.0050421 secs]
2020-10-28T22:57:02.840+0800: 0.902: [GC pause (G1 Evacuation Pause) (mixed) 362M->334M(512M), 0.0041026 secs]
2020-10-28T22:57:02.846+0800: 0.908: [GC pause (G1 Humongous Allocation) (young) (initial-mark) 334M->334M(512M), 0.0013844 secs]
2020-10-28T22:57:02.847+0800: 0.909: [GC concurrent-root-region-scan-start]
2020-10-28T22:57:02.847+0800: 0.909: [GC concurrent-root-region-scan-end, 0.0001193 secs]
2020-10-28T22:57:02.847+0800: 0.909: [GC concurrent-mark-start]
2020-10-28T22:57:02.854+0800: 0.916: [GC concurrent-mark-end, 0.0063287 secs]
2020-10-28T22:57:02.854+0800: 0.916: [GC remark, 0.0020513 secs]
2020-10-28T22:57:02.857+0800: 0.919: [GC cleanup 354M->354M(512M), 0.0007265 secs]
2020-10-28T22:57:02.867+0800: 0.929: [GC pause (G1 Evacuation Pause) (young) 405M->352M(512M), 0.0040257 secs]
2020-10-28T22:57:02.878+0800: 0.940: [GC pause (G1 Evacuation Pause) (mixed) 378M->339M(512M), 0.0065997 secs]
2020-10-28T22:57:02.886+0800: 0.947: [GC pause (G1 Humongous Allocation) (young) (initial-mark) 342M->339M(512M), 0.0012099 secs]
2020-10-28T22:57:02.887+0800: 0.949: [GC concurrent-root-region-scan-start]
2020-10-28T22:57:02.887+0800: 0.949: [GC concurrent-root-region-scan-end, 0.0001315 secs]
2020-10-28T22:57:02.887+0800: 0.949: [GC concurrent-mark-start]
2020-10-28T22:57:02.893+0800: 0.955: [GC concurrent-mark-end, 0.0062474 secs]
2020-10-28T22:57:02.894+0800: 0.955: [GC remark, 0.0021127 secs]
2020-10-28T22:57:02.896+0800: 0.958: [GC cleanup 361M->361M(512M), 0.0005450 secs]
2020-10-28T22:57:02.905+0800: 0.966: [GC pause (G1 Evacuation Pause) (young) 405M->360M(512M), 0.0050210 secs]
2020-10-28T22:57:02.915+0800: 0.977: [GC pause (G1 Evacuation Pause) (mixed) 382M->348M(512M), 0.0056432 secs]
2020-10-28T22:57:02.924+0800: 0.986: [GC pause (G1 Humongous Allocation) (young) (initial-mark) 351M->348M(512M), 0.0014347 secs]
2020-10-28T22:57:02.926+0800: 0.987: [GC concurrent-root-region-scan-start]
2020-10-28T22:57:02.926+0800: 0.987: [GC concurrent-root-region-scan-end, 0.0001421 secs]
2020-10-28T22:57:02.926+0800: 0.987: [GC concurrent-mark-start]
2020-10-28T22:57:02.934+0800: 0.996: [GC concurrent-mark-end, 0.0084668 secs]
2020-10-28T22:57:02.938+0800: 1.000: [GC remark, 0.0023695 secs]
2020-10-28T22:57:02.941+0800: 1.003: [GC cleanup 381M->381M(512M), 0.0006404 secs]
2020-10-28T22:57:02.947+0800: 1.009: [GC pause (G1 Evacuation Pause) (young) 405M->362M(512M), 0.0030863 secs]
2020-10-28T22:57:02.961+0800: 1.022: [GC pause (G1 Evacuation Pause) (mixed) 384M->343M(512M), 0.0060027 secs]
2020-10-28T22:57:02.976+0800: 1.037: [GC pause (G1 Evacuation Pause) (mixed) 367M->349M(512M), 0.0028137 secs]
2020-10-28T22:57:02.979+0800: 1.040: [GC pause (G1 Humongous Allocation) (young) (initial-mark) 349M->349M(512M), 0.0018173 secs]
2020-10-28T22:57:02.981+0800: 1.042: [GC concurrent-root-region-scan-start]
2020-10-28T22:57:02.981+0800: 1.042: [GC concurrent-root-region-scan-end, 0.0000156 secs]
2020-10-28T22:57:02.981+0800: 1.042: [GC concurrent-mark-start]
2020-10-28T22:57:02.988+0800: 1.049: [GC concurrent-mark-end, 0.0067977 secs]
2020-10-28T22:57:02.988+0800: 1.049: [GC remark, 0.0025731 secs]
2020-10-28T22:57:02.992+0800: 1.054: [GC cleanup 379M->379M(512M), 0.0005905 secs]
2020-10-28T22:57:03.005+0800: 1.066: [GC pause (G1 Evacuation Pause) (young) 417M->374M(512M), 0.0045275 secs]
2020-10-28T22:57:03.033+0800: 1.094: [GC pause (G1 Evacuation Pause) (mixed) 397M->362M(512M), 0.0059927 secs]
2020-10-28T22:57:03.041+0800: 1.103: [GC pause (G1 Humongous Allocation) (young) (initial-mark) 364M->363M(512M), 0.0016809 secs]
2020-10-28T22:57:03.043+0800: 1.104: [GC concurrent-root-region-scan-start]
2020-10-28T22:57:03.043+0800: 1.105: [GC concurrent-root-region-scan-end, 0.0001176 secs]
2020-10-28T22:57:03.043+0800: 1.105: [GC concurrent-mark-start]
2020-10-28T22:57:03.051+0800: 1.112: [GC concurrent-mark-end, 0.0073831 secs]
2020-10-28T22:57:03.052+0800: 1.114: [GC remark, 0.0021953 secs]
2020-10-28T22:57:03.055+0800: 1.116: [GC cleanup 374M->374M(512M), 0.0004975 secs]
2020-10-28T22:57:03.067+0800: 1.128: [GC pause (G1 Evacuation Pause) (young) 405M->372M(512M), 0.0033776 secs]
2020-10-28T22:57:03.082+0800: 1.143: [GC pause (G1 Evacuation Pause) (mixed) 399M->360M(512M), 0.0065676 secs]
2020-10-28T22:57:03.089+0800: 1.150: [GC pause (G1 Humongous Allocation) (young) (initial-mark) 361M->361M(512M), 0.0014584 secs]
2020-10-28T22:57:03.090+0800: 1.151: [GC concurrent-root-region-scan-start]
2020-10-28T22:57:03.090+0800: 1.152: [GC concurrent-root-region-scan-end, 0.0000384 secs]
2020-10-28T22:57:03.090+0800: 1.152: [GC concurrent-mark-start]
2020-10-28T22:57:03.097+0800: 1.159: [GC concurrent-mark-end, 0.0072322 secs]
2020-10-28T22:57:03.098+0800: 1.159: [GC remark, 0.0022271 secs]
2020-10-28T22:57:03.100+0800: 1.162: [GC cleanup 386M->386M(512M), 0.0005790 secs]
2020-10-28T22:57:03.105+0800: 1.166: [GC pause (G1 Evacuation Pause) (young) 403M->376M(512M), 0.0042611 secs]
