Java HotSpot(TM) 64-Bit Server VM (25.261-b12) for windows-amd64 JRE (1.8.0_261-b12), built on Jun 18 2020 06:56:32 by "" with unknown MS VC++:1916
Memory: 4k page, physical 8239740k(1394196k free), swap 17124416k(3781456k free)
CommandLine flags: -XX:InitialHeapSize=536870912 -XX:MaxHeapSize=536870912 -XX:MaxNewSize=178958336 -XX:MaxTenuringThreshold=6 -XX:NewSize=178958336 -XX:OldPLABSize=16 -XX:OldSize=357912576 -XX:+PrintGC -XX:+PrintGCDateStamps -XX:+PrintGCDetails -XX:+PrintGCTimeStamps -XX:+UseCompressedClassPointers -XX:+UseCompressedOops -XX:+UseConcMarkSweepGC -XX:-UseLargePagesIndividualAllocation -XX:+UseParNewGC 
2020-10-28T22:36:11.294+0800: 0.362: [GC (Allocation Failure) 2020-10-28T22:36:11.295+0800: 0.363: [ParNew: 139776K->17469K(157248K), 0.0216617 secs] 139776K->49658K(506816K), 0.0225458 secs] [Times: user=0.02 sys=0.03, real=0.02 secs] 
2020-10-28T22:36:11.348+0800: 0.415: [GC (Allocation Failure) 2020-10-28T22:36:11.348+0800: 0.415: [ParNew: 157245K->17471K(157248K), 0.0233249 secs] 189434K->91608K(506816K), 0.0234184 secs] [Times: user=0.00 sys=0.09, real=0.02 secs] 
2020-10-28T22:36:11.397+0800: 0.464: [GC (Allocation Failure) 2020-10-28T22:36:11.397+0800: 0.465: [ParNew: 157135K->17472K(157248K), 0.0353132 secs] 231272K->133130K(506816K), 0.0354137 secs] [Times: user=0.05 sys=0.06, real=0.03 secs] 
2020-10-28T22:36:11.459+0800: 0.527: [GC (Allocation Failure) 2020-10-28T22:36:11.459+0800: 0.527: [ParNew: 157248K->17472K(157248K), 0.0344011 secs] 272906K->176782K(506816K), 0.0345012 secs] [Times: user=0.08 sys=0.06, real=0.03 secs] 
2020-10-28T22:36:11.518+0800: 0.586: [GC (Allocation Failure) 2020-10-28T22:36:11.518+0800: 0.586: [ParNew: 157248K->17472K(157248K), 0.0403325 secs] 316558K->226635K(506816K), 0.0404371 secs] [Times: user=0.08 sys=0.03, real=0.04 secs] 
2020-10-28T22:36:11.559+0800: 0.627: [GC (CMS Initial Mark) [1 CMS-initial-mark: 209163K(349568K)] 226983K(506816K), 0.0002139 secs] [Times: user=0.00 sys=0.00, real=0.00 secs] 
2020-10-28T22:36:11.559+0800: 0.627: [CMS-concurrent-mark-start]
2020-10-28T22:36:11.574+0800: 0.642: [CMS-concurrent-mark: 0.014/0.014 secs] [Times: user=0.05 sys=0.00, real=0.01 secs] 
2020-10-28T22:36:11.574+0800: 0.642: [CMS-concurrent-preclean-start]
2020-10-28T22:36:11.575+0800: 0.643: [CMS-concurrent-preclean: 0.001/0.001 secs] [Times: user=0.00 sys=0.00, real=0.00 secs] 
2020-10-28T22:36:11.575+0800: 0.643: [CMS-concurrent-abortable-preclean-start]
2020-10-28T22:36:11.586+0800: 0.654: [GC (Allocation Failure) 2020-10-28T22:36:11.587+0800: 0.654: [ParNew: 157248K->17472K(157248K), 0.0377266 secs] 366411K->275041K(506816K), 0.0378413 secs] [Times: user=0.06 sys=0.06, real=0.04 secs] 
2020-10-28T22:36:11.646+0800: 0.714: [GC (Allocation Failure) 2020-10-28T22:36:11.646+0800: 0.714: [ParNew: 157248K->17472K(157248K), 0.0366223 secs] 414817K->321673K(506816K), 0.0367234 secs] [Times: user=0.08 sys=0.05, real=0.04 secs] 
2020-10-28T22:36:11.705+0800: 0.773: [GC (Allocation Failure) 2020-10-28T22:36:11.705+0800: 0.773: [ParNew: 157248K->157248K(157248K), 0.0000223 secs]2020-10-28T22:36:11.705+0800: 0.773: [CMS2020-10-28T22:36:11.706+0800: 0.773: [CMS-concurrent-abortable-preclean: 0.004/0.131 secs] [Times: user=0.17 sys=0.11, real=0.13 secs] 
 (concurrent mode failure): 304201K->249320K(349568K), 0.0520865 secs] 461449K->249320K(506816K), [Metaspace: 2637K->2637K(1056768K)], 0.0525337 secs] [Times: user=0.03 sys=0.00, real=0.05 secs] 
2020-10-28T22:36:11.787+0800: 0.855: [GC (Allocation Failure) 2020-10-28T22:36:11.787+0800: 0.855: [ParNew: 139776K->17472K(157248K), 0.0081003 secs] 389096K->296891K(506816K), 0.0082089 secs] [Times: user=0.05 sys=0.00, real=0.01 secs] 
2020-10-28T22:36:11.796+0800: 0.863: [GC (CMS Initial Mark) [1 CMS-initial-mark: 279419K(349568K)] 297482K(506816K), 0.0001987 secs] [Times: user=0.00 sys=0.00, real=0.00 secs] 
2020-10-28T22:36:11.796+0800: 0.864: [CMS-concurrent-mark-start]
2020-10-28T22:36:11.800+0800: 0.867: [CMS-concurrent-mark: 0.004/0.004 secs] [Times: user=0.00 sys=0.00, real=0.00 secs] 
2020-10-28T22:36:11.800+0800: 0.867: [CMS-concurrent-preclean-start]
2020-10-28T22:36:11.801+0800: 0.868: [CMS-concurrent-preclean: 0.001/0.001 secs] [Times: user=0.00 sys=0.00, real=0.00 secs] 
2020-10-28T22:36:11.801+0800: 0.868: [CMS-concurrent-abortable-preclean-start]
2020-10-28T22:36:11.825+0800: 0.892: [GC (Allocation Failure) 2020-10-28T22:36:11.825+0800: 0.892: [ParNew: 157248K->17472K(157248K), 0.0225944 secs] 436667K->340362K(506816K), 0.0227207 secs] [Times: user=0.03 sys=0.02, real=0.02 secs] 
2020-10-28T22:36:11.877+0800: 0.945: [GC (Allocation Failure) 2020-10-28T22:36:11.877+0800: 0.945: [ParNew: 157248K->157248K(157248K), 0.0000223 secs]2020-10-28T22:36:11.877+0800: 0.945: [CMS2020-10-28T22:36:11.877+0800: 0.945: [CMS-concurrent-abortable-preclean: 0.003/0.077 secs] [Times: user=0.09 sys=0.02, real=0.08 secs] 
 (concurrent mode failure): 322890K->286627K(349568K), 0.0497539 secs] 480138K->286627K(506816K), [Metaspace: 2637K->2637K(1056768K)], 0.0498794 secs] [Times: user=0.03 sys=0.00, real=0.05 secs] 
2020-10-28T22:36:11.960+0800: 1.028: [GC (Allocation Failure) 2020-10-28T22:36:11.960+0800: 1.028: [ParNew: 139776K->17469K(157248K), 0.0081781 secs] 426403K->331566K(506816K), 0.0082947 secs] [Times: user=0.05 sys=0.00, real=0.01 secs] 
2020-10-28T22:36:11.972+0800: 1.039: [GC (CMS Initial Mark) [1 CMS-initial-mark: 314097K(349568K)] 331919K(506816K), 0.0001943 secs] [Times: user=0.00 sys=0.00, real=0.00 secs] 
2020-10-28T22:36:11.972+0800: 1.039: [CMS-concurrent-mark-start]
2020-10-28T22:36:11.975+0800: 1.043: [CMS-concurrent-mark: 0.004/0.004 secs] [Times: user=0.00 sys=0.00, real=0.00 secs] 
2020-10-28T22:36:11.975+0800: 1.043: [CMS-concurrent-preclean-start]
2020-10-28T22:36:11.976+0800: 1.044: [CMS-concurrent-preclean: 0.001/0.001 secs] [Times: user=0.00 sys=0.00, real=0.00 secs] 
2020-10-28T22:36:11.976+0800: 1.044: [CMS-concurrent-abortable-preclean-start]
2020-10-28T22:36:11.976+0800: 1.044: [CMS-concurrent-abortable-preclean: 0.000/0.000 secs] [Times: user=0.00 sys=0.00, real=0.00 secs] 
2020-10-28T22:36:11.982+0800: 1.050: [GC (CMS Final Remark) [YG occupancy: 40090 K (157248 K)]2020-10-28T22:36:11.982+0800: 1.050: [Rescan (parallel) , 0.0009824 secs]2020-10-28T22:36:11.984+0800: 1.051: [weak refs processing, 0.0000497 secs]2020-10-28T22:36:11.984+0800: 1.051: [class unloading, 0.0003212 secs]2020-10-28T22:36:11.984+0800: 1.051: [scrub symbol table, 0.0006052 secs]2020-10-28T22:36:11.984+0800: 1.052: [scrub string table, 0.0002163 secs][1 CMS-remark: 314097K(349568K)] 354187K(506816K), 0.0023669 secs] [Times: user=0.00 sys=0.00, real=0.00 secs] 
2020-10-28T22:36:11.985+0800: 1.053: [CMS-concurrent-sweep-start]
2020-10-28T22:36:11.986+0800: 1.054: [CMS-concurrent-sweep: 0.001/0.001 secs] [Times: user=0.00 sys=0.00, real=0.00 secs] 
2020-10-28T22:36:11.986+0800: 1.054: [CMS-concurrent-reset-start]
2020-10-28T22:36:11.986+0800: 1.055: [CMS-concurrent-reset: 0.000/0.000 secs] [Times: user=0.00 sys=0.00, real=0.00 secs] 
2020-10-28T22:36:12.018+0800: 1.086: [GC (Allocation Failure) 2020-10-28T22:36:12.018+0800: 1.086: [ParNew: 157245K->17471K(157248K), 0.0197944 secs] 436532K->350228K(506816K), 0.0198942 secs] [Times: user=0.03 sys=0.00, real=0.02 secs] 
2020-10-28T22:36:12.040+0800: 1.108: [GC (CMS Initial Mark) [1 CMS-initial-mark: 332756K(349568K)] 353115K(506816K), 0.0001702 secs] [Times: user=0.00 sys=0.00, real=0.00 secs] 
2020-10-28T22:36:12.040+0800: 1.108: [CMS-concurrent-mark-start]
2020-10-28T22:36:12.044+0800: 1.112: [CMS-concurrent-mark: 0.004/0.004 secs] [Times: user=0.00 sys=0.00, real=0.00 secs] 
2020-10-28T22:36:12.044+0800: 1.112: [CMS-concurrent-preclean-start]
2020-10-28T22:36:12.045+0800: 1.113: [CMS-concurrent-preclean: 0.001/0.001 secs] [Times: user=0.00 sys=0.00, real=0.00 secs] 
2020-10-28T22:36:12.045+0800: 1.113: [CMS-concurrent-abortable-preclean-start]
2020-10-28T22:36:12.045+0800: 1.113: [CMS-concurrent-abortable-preclean: 0.000/0.000 secs] [Times: user=0.00 sys=0.00, real=0.00 secs] 
2020-10-28T22:36:12.047+0800: 1.114: [GC (CMS Final Remark) [YG occupancy: 41933 K (157248 K)]2020-10-28T22:36:12.047+0800: 1.114: [Rescan (parallel) , 0.0007910 secs]2020-10-28T22:36:12.047+0800: 1.115: [weak refs processing, 0.0000270 secs]2020-10-28T22:36:12.047+0800: 1.115: [class unloading, 0.0003375 secs]2020-10-28T22:36:12.048+0800: 1.115: [scrub symbol table, 0.0006883 secs]2020-10-28T22:36:12.049+0800: 1.116: [scrub string table, 0.0002195 secs][1 CMS-remark: 332756K(349568K)] 374690K(506816K), 0.0022670 secs] [Times: user=0.00 sys=0.00, real=0.00 secs] 
2020-10-28T22:36:12.049+0800: 1.117: [CMS-concurrent-sweep-start]
2020-10-28T22:36:12.050+0800: 1.118: [CMS-concurrent-sweep: 0.001/0.001 secs] [Times: user=0.00 sys=0.00, real=0.00 secs] 
2020-10-28T22:36:12.050+0800: 1.118: [CMS-concurrent-reset-start]
2020-10-28T22:36:12.051+0800: 1.118: [CMS-concurrent-reset: 0.000/0.000 secs] [Times: user=0.00 sys=0.00, real=0.00 secs] 
2020-10-28T22:36:12.112+0800: 1.179: [GC (Allocation Failure) 2020-10-28T22:36:12.112+0800: 1.179: [ParNew: 157247K->157247K(157248K), 0.0000352 secs]2020-10-28T22:36:12.112+0800: 1.179: [CMS: 298039K->325199K(349568K), 0.0629343 secs] 455286K->325199K(506816K), [Metaspace: 2637K->2637K(1056768K)], 0.0631126 secs] [Times: user=0.06 sys=0.00, real=0.06 secs] 
2020-10-28T22:36:12.175+0800: 1.243: [GC (CMS Initial Mark) [1 CMS-initial-mark: 325199K(349568K)] 325813K(506816K), 0.0001804 secs] [Times: user=0.00 sys=0.00, real=0.00 secs] 
2020-10-28T22:36:12.176+0800: 1.243: [CMS-concurrent-mark-start]
2020-10-28T22:36:12.179+0800: 1.247: [CMS-concurrent-mark: 0.004/0.004 secs] [Times: user=0.00 sys=0.00, real=0.00 secs] 
2020-10-28T22:36:12.179+0800: 1.247: [CMS-concurrent-preclean-start]
2020-10-28T22:36:12.180+0800: 1.248: [CMS-concurrent-preclean: 0.001/0.001 secs] [Times: user=0.00 sys=0.00, real=0.00 secs] 
2020-10-28T22:36:12.180+0800: 1.248: [CMS-concurrent-abortable-preclean-start]
Heap
 par new generation   total 157248K, used 6190K [0x00000000e0000000, 0x00000000eaaa0000, 0x00000000eaaa0000)
  eden space 139776K,   4% used [0x00000000e0000000, 0x00000000e060bb38, 0x00000000e8880000)
  from space 17472K,   0% used [0x00000000e9990000, 0x00000000e9990000, 0x00000000eaaa0000)
  to   space 17472K,   0% used [0x00000000e8880000, 0x00000000e8880000, 0x00000000e9990000)
 concurrent mark-sweep generation total 349568K, used 325199K [0x00000000eaaa0000, 0x0000000100000000, 0x0000000100000000)
 Metaspace       used 2643K, capacity 4486K, committed 4864K, reserved 1056768K
  class space    used 291K, capacity 386K, committed 512K, reserved 1048576K
